// Jest Snapshot v1, https://goo.gl/fbAQLP

exports[`App Should match the snapshot with the proper data passed in. 1`] = `
<main>
  <Route
    path="/login"
    render={[Function]}
  />
  <Route
    exact={true}
    path="/"
    render={[Function]}
  />
  <Route
    exact={true}
    path="/palettes"
    render={[Function]}
  />
</main>
`;

exports[`App should match the snapshot when a user is present 1`] = `
<main>
  <Route
    path="/login"
    render={[Function]}
  />
  <Route
    exact={true}
    path="/"
    render={[Function]}
  />
  <Route
    exact={true}
    path="/palettes"
    render={[Function]}
  />
</main>
`;
